******************************************************************************
                  TI ARM Linker PC v20.2.7                     
******************************************************************************
>> Linked Sun Apr 28 03:39:08 2024

OUTPUT FILE NAME:   <Project_REVB.out>
ENTRY POINT SYMBOL: "_c_int00_noargs"  address: 0000481d


MEMORY CONFIGURATION

         name            origin    length      used     unused   attr    fill
----------------------  --------  ---------  --------  --------  ----  --------
  FLASH                 00000000   00040000  00004ae9  0003b517  R  X
  SRAM                  20000000   00008000  00001074  00006f8c  RW X


SEGMENT ALLOCATION MAP

run origin  load origin   length   init length attrs members
----------  ----------- ---------- ----------- ----- -------
00000000    00000000    00004af0   00004af0    r-x
  00000000    00000000    0000026c   0000026c    r-- .intvecs
  0000026c    0000026c    0000474c   0000474c    r-x .text
  000049b8    000049b8    00000101   00000101    r-- .const
  00004ac0    00004ac0    00000030   00000030    r-- .cinit
20000000    20000000    00001074   00000000    rw-
  20000000    20000000    00001000   00000000    rw- .stack
  20001000    20001000    00000074   00000000    rw- .data


SECTION ALLOCATION MAP

 output                                  attributes/
section   page    origin      length       input sections
--------  ----  ----------  ----------   ----------------
.intvecs   0    00000000    0000026c     
                  00000000    0000026c     tm4c123gh6pm_startup_ccs.obj (.intvecs)

.text      0    0000026c    0000474c     
                  0000026c    000011f0     main.obj (.text)
                  0000145c    00000a4e     rtsv7M4_T_le_v4SPD16_eabi.lib : _printfi.c.obj (.text:__TI_printfi)
                  00001eaa    00000002                                   : div0.asm.obj (.text)
                  00001eac    00000808     gpio.obj (.text)
                  000026b4    00000434     uart_handler.obj (.text)
                  00002ae8    000003c4     rtsv7M4_T_le_v4SPD16_eabi.lib : e_log.c.obj (.text:log)
                  00002eac    0000029c     adc0.obj (.text)
                  00003148    00000270     rtsv7M4_T_le_v4SPD16_eabi.lib : _printfi.c.obj (.text:_pconv_a)
                  000033b8    000001d0                                   : _printfi.c.obj (.text:_pconv_g)
                  00003588    000001c8     device_ops.obj (.text)
                  00003750    000001b6     rtsv7M4_T_le_v4SPD16_eabi.lib : fd_add_t2.asm.obj (.text)
                  00003906    00000002     --HOLE-- [fill = 0]
                  00003908    00000158     uart0.obj (.text)
                  00003a60    0000013c     rtsv7M4_T_le_v4SPD16_eabi.lib : _printfi.c.obj (.text:_pconv_e)
                  00003b9c    00000136                                   : fd_div_t2.asm.obj (.text)
                  00003cd2    00000002     --HOLE-- [fill = 0]
                  00003cd4    00000124                                   : _printfi.c.obj (.text:fcvt)
                  00003df8    00000110                                   : s_scalbn.c.obj (.text:scalbn)
                  00003f08    000000fc                                   : fd_mul_t2.asm.obj (.text)
                  00004004    000000d4     nvic.obj (.text)
                  000040d8    000000b1     rtsv7M4_T_le_v4SPD16_eabi.lib : _printfi.c.obj (.text:_ltostr)
                  00004189    00000001     --HOLE-- [fill = 0]
                  0000418a    0000009c                                   : memcpy_t2.asm.obj (.text)
                  00004226    00000096                                   : ull_div_t2.asm.obj (.text)
                  000042bc    00000086                                   : fd_cmp_t2.asm.obj (.text:__aeabi_cdcmple)
                  00004342    00000086                                   : fd_cmp_t2.asm.obj (.text:__aeabi_cdrcmple)
                  000043c8    0000007a                                   : memset_t2.asm.obj (.text)
                  00004442    0000006e                                   : _printfi.c.obj (.text:_mcpy)
                  000044b0    00000068                                   : copy_decompress_lzss.c.obj (.text:decompress:lzss:__TI_decompress_lzss)
                  00004518    00000064                                   : s_frexp.c.obj (.text:frexp)
                  0000457c    00000056                                   : _printfi.c.obj (.text:_pconv_f)
                  000045d2    00000054                                   : _ltoa.c.obj (.text:__TI_ltoa)
                  00004626    00000052                                   : _printfi.c.obj (.text:_ecpy)
                  00004678    0000004c                                   : atoi.c.obj (.text:atoi)
                  000046c4    0000004c                                   : snprintf.c.obj (.text:snprintf)
                  00004710    00000048                                   : fd_toi_t2.asm.obj (.text)
                  00004758    00000044                                   : autoinit.c.obj (.text:__TI_auto_init_nobinit_nopinit:__TI_auto_init_nobinit_nopinit)
                  0000479c    00000040                                   : u_divt2.asm.obj (.text)
                  000047dc    0000003e                                   : _printfi.c.obj (.text:_fcpy)
                  0000481a    00000002     --HOLE-- [fill = 0]
                  0000481c    00000034                                   : boot_cortex_m.c.obj (.text:_c_int00_noargs:_c_int00_noargs)
                  00004850    00000030                                   : snprintf.c.obj (.text:_outs)
                  00004880    0000002e                                   : i_tofd_t2.asm.obj (.text)
                  000048ae    00000024     wait.obj (.text)
                  000048d2    00000020     rtsv7M4_T_le_v4SPD16_eabi.lib : u_tofd_t2.asm.obj (.text)
                  000048f2    0000001c                                   : memccpy.c.obj (.text:memccpy)
                  0000490e    0000001a                                   : s_copysign.c.obj (.text:copysign)
                  00004928    00000018                                   : snprintf.c.obj (.text:_outc)
                  00004940    00000016                                   : strchr.c.obj (.text:strchr)
                  00004956    00000014                                   : strlen.c.obj (.text:strlen)
                  0000496a    00000012                                   : wcslen.c.obj (.text:wcslen)
                  0000497c    00000010     clock.obj (.text)
                  0000498c    0000000e     rtsv7M4_T_le_v4SPD16_eabi.lib : copy_decompress_none.c.obj (.text:decompress:none:__TI_decompress_none)
                  0000499a    0000000c     tm4c123gh6pm_startup_ccs.obj (.text)
                  000049a6    00000002     --HOLE-- [fill = 0]
                  000049a8    00000008     rtsv7M4_T_le_v4SPD16_eabi.lib : errno.c.obj (.text:__aeabi_errno_addr)
                  000049b0    00000004                                   : pre_init.c.obj (.text:_system_pre_init)
                  000049b4    00000004                                   : exit.c.obj (.text:abort:abort)

.const     0    000049b8    00000101     
                  000049b8    00000101     rtsv7M4_T_le_v4SPD16_eabi.lib : ctype.c.obj (.const:.string:_ctypes_)

.cinit     0    00004ac0    00000030     
                  00004ac0    0000001d     (.cinit..data.load) [load image, compression = lzss]
                  00004add    00000003     --HOLE-- [fill = 0]
                  00004ae0    00000008     (__TI_handler_table)
                  00004ae8    00000008     (__TI_cinit_table)

.init_array 
*          0    00000000    00000000     UNINITIALIZED

.data      0    20001000    00000074     UNINITIALIZED
                  20001000    00000070     main.obj (.data)
                  20001070    00000004     rtsv7M4_T_le_v4SPD16_eabi.lib : errno.c.obj (.data)

.stack     0    20000000    00001000     UNINITIALIZED
                  20000000    00000004     rtsv7M4_T_le_v4SPD16_eabi.lib : boot_cortex_m.c.obj (.stack)
                  20000004    00000ffc     --HOLE--

__llvm_prf_cnts 
*          0    20000000    00000000     UNINITIALIZED

MODULE SUMMARY

       Module                         code    ro data   rw data
       ------                         ----    -------   -------
    .\
       main.obj                       4592    0         112    
       gpio.obj                       2056    0         0      
       uart_handler.obj               1076    0         0      
       adc0.obj                       668     0         0      
       tm4c123gh6pm_startup_ccs.obj   12      620       0      
       device_ops.obj                 456     0         0      
       uart0.obj                      344     0         0      
       nvic.obj                       212     0         0      
       wait.obj                       36      0         0      
       clock.obj                      16      0         0      
    +--+------------------------------+-------+---------+---------+
       Total:                         9468    620       112    
                                                               
    D:\ti\ccs1250\ccs\tools\compiler\ti-cgt-arm_20.2.7.LTS\lib\rtsv7M4_T_le_v4SPD16_eabi.lib
       _printfi.c.obj                 4851    0         0      
       e_log.c.obj                    964     0         0      
       fd_add_t2.asm.obj              438     0         0      
       fd_div_t2.asm.obj              310     0         0      
       s_scalbn.c.obj                 272     0         0      
       fd_cmp_t2.asm.obj              268     0         0      
       ctype.c.obj                    0       257       0      
       fd_mul_t2.asm.obj              252     0         0      
       memcpy_t2.asm.obj              156     0         0      
       ull_div_t2.asm.obj             150     0         0      
       snprintf.c.obj                 148     0         0      
       memset_t2.asm.obj              122     0         0      
       copy_decompress_lzss.c.obj     104     0         0      
       s_frexp.c.obj                  100     0         0      
       _ltoa.c.obj                    84      0         0      
       atoi.c.obj                     76      0         0      
       fd_toi_t2.asm.obj              72      0         0      
       autoinit.c.obj                 68      0         0      
       u_divt2.asm.obj                64      0         0      
       boot_cortex_m.c.obj            52      0         0      
       i_tofd_t2.asm.obj              46      0         0      
       u_tofd_t2.asm.obj              32      0         0      
       memccpy.c.obj                  28      0         0      
       s_copysign.c.obj               26      0         0      
       strchr.c.obj                   22      0         0      
       strlen.c.obj                   20      0         0      
       wcslen.c.obj                   18      0         0      
       copy_decompress_none.c.obj     14      0         0      
       errno.c.obj                    8       0         4      
       exit.c.obj                     4       0         0      
       pre_init.c.obj                 4       0         0      
       div0.asm.obj                   2       0         0      
    +--+------------------------------+-------+---------+---------+
       Total:                         8775    257       4      
                                                               
       Stack:                         0       0         4096   
       Linker Generated:              0       45        0      
    +--+------------------------------+-------+---------+---------+
       Grand Total:                   18243   922       4212   


LINKER GENERATED COPY TABLES

__TI_cinit_table @ 00004ae8 records: 1, size/record: 8, table size: 8
	.data: load addr=00004ac0, load size=0000001d bytes, run addr=20001000, run size=00000074 bytes, compression=lzss


LINKER GENERATED HANDLER TABLE

__TI_handler_table @ 00004ae0 records: 2, size/record: 4, table size: 8
	index: 0, handler: __TI_decompress_lzss
	index: 1, handler: __TI_decompress_none


GLOBAL SYMBOLS: SORTED ALPHABETICALLY BY Name 

address   name                          
-------   ----                          
0000135d  ADCOMPResponseISR             
00003589  ADCSS0EN                      
00000f73  ADCSamplingISR                
20001000  AOAC_MODE                     
20001014  AoA                           
2000101c  BCKF_CONST                    
000049b5  C$$EXIT                       
20001003  COMP_TRIG                     
2000102c  C_raw1                        
2000102e  C_raw2                        
20001030  C_raw3                        
20001032  C_raw4                        
20001002  FAIL_MODE                     
20001020  HLDO_CONST                    
0000359f  HWReboot                      
0000499b  ResetISR                      
20001001  TDOA_MODE                     
20001010  TDoA                          
20001018  TIME_CONST                    
20001000  __STACK_END                   
00001000  __STACK_SIZE                  
20000200  __STACK_TOP                   
00004ae8  __TI_CINIT_Base               
00004af0  __TI_CINIT_Limit              
00004ae0  __TI_Handler_Table_Base       
00004ae8  __TI_Handler_Table_Limit      
00004759  __TI_auto_init_nobinit_nopinit
000044b1  __TI_decompress_lzss          
0000498d  __TI_decompress_none          
000045d3  __TI_ltoa                     
ffffffff  __TI_pprof_out_hndl           
0000145d  __TI_printfi                  
ffffffff  __TI_prof_data_size           
ffffffff  __TI_prof_data_start          
00000000  __TI_static_base__            
000042bd  __aeabi_cdcmpeq               
000042bd  __aeabi_cdcmple               
00004343  __aeabi_cdrcmple              
00004711  __aeabi_d2iz                  
0000375b  __aeabi_dadd                  
00003b9d  __aeabi_ddiv                  
00003f09  __aeabi_dmul                  
00003751  __aeabi_dsub                  
000049a9  __aeabi_errno_addr            
00004881  __aeabi_i2d                   
00001eab  __aeabi_idiv0                 
00001eab  __aeabi_ldiv0                 
000043c9  __aeabi_memclr                
000043c9  __aeabi_memclr4               
000043c9  __aeabi_memclr8               
0000418b  __aeabi_memcpy                
0000418b  __aeabi_memcpy4               
0000418b  __aeabi_memcpy8               
000043cb  __aeabi_memset                
000043cb  __aeabi_memset4               
000043cb  __aeabi_memset8               
000048d3  __aeabi_ui2d                  
0000479d  __aeabi_uidiv                 
0000479d  __aeabi_uidivmod              
00004227  __aeabi_uldivmod              
ffffffff  __binit__                     
ffffffff  __c_args__                    
UNDEFED   __mpu_init                    
20000000  __stack                       
20000000  __start___llvm_prf_cnts       
20000000  __stop___llvm_prf_cnts        
0000481d  _c_int00_noargs               
000049b8  _ctypes_                      
UNDEFED   _system_post_cinit            
000049b1  _system_pre_init              
000049b5  abort                         
00004679  atoi                          
ffffffff  binit                         
00002501  clearPinInterrupt             
00002a2f  comp                          
0000490f  copysign                      
0000490f  copysignl                     
0000403d  disableNvicInterrupt          
000024dd  disablePinInterrupt           
00002215  disablePinPulldown            
000021cd  disablePinPullup              
00001f69  disablePort                   
00004005  enableNvicInterrupt           
000024b9  enablePinInterrupt            
000021f1  enablePinPulldown             
0000219f  enablePinPullup               
00001ead  enablePort                    
20001070  errno                         
20001004  fin1                          
20001008  fin2                          
2000100c  fin3                          
00004519  frexp                         
00004519  frexpl                        
00000000  g_pfnVectors                  
00002a11  getFieldInteger               
000029f3  getFieldString                
0000256f  getPinValue                   
00002625  getPortValue                  
000039fd  getcUart0                     
000026b5  getsUart0                     
00002ead  initAdc0Ss1                   
00002f73  initAdc0Ss2                   
0000303d  initAdc0Ss3                   
0000364f  initCOMPARATOR                
000036c9  initDMA                       
000035b1  initHw                        
0000497d  initSystemClockTo40Mhz        
00003909  initUart0                     
00002a79  isCommand                     
00003a11  kbhitUart0                    
00003df9  ldexp                         
00003df9  ldexpl                        
00002ae9  log                           
00002ae9  logl                          
0000026d  main                          
000048f3  memccpy                       
0000418b  memcpy                        
000043d1  memset                        
00002745  parseFields                   
000039bd  putcUart0                     
000039d9  putsUart0                     
20001024  raw1                          
20001026  raw2                          
20001028  raw3                          
2000102a  raw4                          
00002f61  readAdc0Ss1                   
0000302b  readAdc0Ss2                   
000030ef  readAdc0Ss3                   
00003df9  scalbn                        
00003df9  scalbnl                       
000020d3  selectPinAnalogInput          
00002085  selectPinDigitalInput         
000023ef  selectPinInterruptBothEdges   
0000239f  selectPinInterruptFallingEdge 
00002445  selectPinInterruptHighLevel   
0000247f  selectPinInterruptLowLevel    
0000234f  selectPinInterruptRisingEdge  
00002037  selectPinOpenDrainOutput      
00001fe9  selectPinPushPullOutput       
00002ef5  setAdc0Ss1Log2AverageCount    
00002f39  setAdc0Ss1Mux                 
00002fc3  setAdc0Ss2Log2AverageCount    
00003007  setAdc0Ss2Mux                 
00003083  setAdc0Ss3Log2AverageCount    
000030c7  setAdc0Ss3Mux                 
00004075  setNvicInterruptPriority      
0000223d  setPinAuxFunction             
00002123  setPinCommitControl           
00002525  setPinValue                   
000025ad  setPortValue                  
0000397d  setUart0BaudRate              
000046c5  snprintf                      
00004941  strchr                        
00004957  strlen                        
0000254b  togglePinValue                
000048af  waitMicrosecond               
0000496b  wcslen                        


GLOBAL SYMBOLS: SORTED BY Symbol Address 

address   name                          
-------   ----                          
00000000  __TI_static_base__            
00000000  g_pfnVectors                  
0000026d  main                          
00000f73  ADCSamplingISR                
00001000  __STACK_SIZE                  
0000135d  ADCOMPResponseISR             
0000145d  __TI_printfi                  
00001eab  __aeabi_idiv0                 
00001eab  __aeabi_ldiv0                 
00001ead  enablePort                    
00001f69  disablePort                   
00001fe9  selectPinPushPullOutput       
00002037  selectPinOpenDrainOutput      
00002085  selectPinDigitalInput         
000020d3  selectPinAnalogInput          
00002123  setPinCommitControl           
0000219f  enablePinPullup               
000021cd  disablePinPullup              
000021f1  enablePinPulldown             
00002215  disablePinPulldown            
0000223d  setPinAuxFunction             
0000234f  selectPinInterruptRisingEdge  
0000239f  selectPinInterruptFallingEdge 
000023ef  selectPinInterruptBothEdges   
00002445  selectPinInterruptHighLevel   
0000247f  selectPinInterruptLowLevel    
000024b9  enablePinInterrupt            
000024dd  disablePinInterrupt           
00002501  clearPinInterrupt             
00002525  setPinValue                   
0000254b  togglePinValue                
0000256f  getPinValue                   
000025ad  setPortValue                  
00002625  getPortValue                  
000026b5  getsUart0                     
00002745  parseFields                   
000029f3  getFieldString                
00002a11  getFieldInteger               
00002a2f  comp                          
00002a79  isCommand                     
00002ae9  log                           
00002ae9  logl                          
00002ead  initAdc0Ss1                   
00002ef5  setAdc0Ss1Log2AverageCount    
00002f39  setAdc0Ss1Mux                 
00002f61  readAdc0Ss1                   
00002f73  initAdc0Ss2                   
00002fc3  setAdc0Ss2Log2AverageCount    
00003007  setAdc0Ss2Mux                 
0000302b  readAdc0Ss2                   
0000303d  initAdc0Ss3                   
00003083  setAdc0Ss3Log2AverageCount    
000030c7  setAdc0Ss3Mux                 
000030ef  readAdc0Ss3                   
00003589  ADCSS0EN                      
0000359f  HWReboot                      
000035b1  initHw                        
0000364f  initCOMPARATOR                
000036c9  initDMA                       
00003751  __aeabi_dsub                  
0000375b  __aeabi_dadd                  
00003909  initUart0                     
0000397d  setUart0BaudRate              
000039bd  putcUart0                     
000039d9  putsUart0                     
000039fd  getcUart0                     
00003a11  kbhitUart0                    
00003b9d  __aeabi_ddiv                  
00003df9  ldexp                         
00003df9  ldexpl                        
00003df9  scalbn                        
00003df9  scalbnl                       
00003f09  __aeabi_dmul                  
00004005  enableNvicInterrupt           
0000403d  disableNvicInterrupt          
00004075  setNvicInterruptPriority      
0000418b  __aeabi_memcpy                
0000418b  __aeabi_memcpy4               
0000418b  __aeabi_memcpy8               
0000418b  memcpy                        
00004227  __aeabi_uldivmod              
000042bd  __aeabi_cdcmpeq               
000042bd  __aeabi_cdcmple               
00004343  __aeabi_cdrcmple              
000043c9  __aeabi_memclr                
000043c9  __aeabi_memclr4               
000043c9  __aeabi_memclr8               
000043cb  __aeabi_memset                
000043cb  __aeabi_memset4               
000043cb  __aeabi_memset8               
000043d1  memset                        
000044b1  __TI_decompress_lzss          
00004519  frexp                         
00004519  frexpl                        
000045d3  __TI_ltoa                     
00004679  atoi                          
000046c5  snprintf                      
00004711  __aeabi_d2iz                  
00004759  __TI_auto_init_nobinit_nopinit
0000479d  __aeabi_uidiv                 
0000479d  __aeabi_uidivmod              
0000481d  _c_int00_noargs               
00004881  __aeabi_i2d                   
000048af  waitMicrosecond               
000048d3  __aeabi_ui2d                  
000048f3  memccpy                       
0000490f  copysign                      
0000490f  copysignl                     
00004941  strchr                        
00004957  strlen                        
0000496b  wcslen                        
0000497d  initSystemClockTo40Mhz        
0000498d  __TI_decompress_none          
0000499b  ResetISR                      
000049a9  __aeabi_errno_addr            
000049b1  _system_pre_init              
000049b5  C$$EXIT                       
000049b5  abort                         
000049b8  _ctypes_                      
00004ae0  __TI_Handler_Table_Base       
00004ae8  __TI_CINIT_Base               
00004ae8  __TI_Handler_Table_Limit      
00004af0  __TI_CINIT_Limit              
20000000  __stack                       
20000000  __start___llvm_prf_cnts       
20000000  __stop___llvm_prf_cnts        
20000200  __STACK_TOP                   
20001000  AOAC_MODE                     
20001000  __STACK_END                   
20001001  TDOA_MODE                     
20001002  FAIL_MODE                     
20001003  COMP_TRIG                     
20001004  fin1                          
20001008  fin2                          
2000100c  fin3                          
20001010  TDoA                          
20001014  AoA                           
20001018  TIME_CONST                    
2000101c  BCKF_CONST                    
20001020  HLDO_CONST                    
20001024  raw1                          
20001026  raw2                          
20001028  raw3                          
2000102a  raw4                          
2000102c  C_raw1                        
2000102e  C_raw2                        
20001030  C_raw3                        
20001032  C_raw4                        
20001070  errno                         
ffffffff  __TI_pprof_out_hndl           
ffffffff  __TI_prof_data_size           
ffffffff  __TI_prof_data_start          
ffffffff  __binit__                     
ffffffff  __c_args__                    
ffffffff  binit                         
UNDEFED   __mpu_init                    
UNDEFED   _system_post_cinit            

[157 symbols]
